[1] PASS — Canvas on the fixture draws inside the iframe — docMode=doc drawn=3 widgets=3 pages=2
[2] PASS — Tools beside the canvas, canvas focused: a click shows fields — canvasOpt='focused' titles=['Text', 'Box', 'Color', 'Link', 'Notes'] fields=['Content', 'Mode', 'Tag', 'Size', 'Weight', 'Align', 'Font', 'X', 'Y', 'Width', 'Height', 'Padding', 'Margin', 'Corner', 'Shadow'] who='following canvas-mu0hkcmu-1'
[3] PASS — drag 40px right: Tools box x moves, dirty, cmd-s saves, file changed — box {'x': 40, 'y': 40, 'w': 320, 'h': 80} -> {'x': 80, 'y': 40, 'w': 320, 'h': 80} disk={'x': 80, 'y': 40, 'w': 320, 'h': 80} status after drag='dirty' cv.dirty=True after_save='saved' tools_box_fields_before={'Content': 'Phase 3 headed heading', 'Mode': 'literal', 'Tag': 'p', 'Size': 'md', 'Weight': 'normal', 'Align': 'left', 'Font': 'sans', 'X': '40', 'Y': '40', 'Width': '320', 'Height': '80', 'Padding': '8', 'Margin': '0', 'Corner': '0', 'Shadow': 'none'} after={'Content': 'Phase 3 headed heading', 'Mode': 'literal', 'Tag': 'p', 'Size': 'md', 'Weight': 'normal', 'Align': 'left', 'Font': 'sans', 'X': '80', 'Y': '40', 'Width': '320', 'Height': '80', 'Padding': '8', 'Margin': '0', 'Corner': '0', 'Shadow': 'none'} x_field_present=True
[4] PASS — typing in Tools shows on the canvas after the debounce — iframe_text='\n3H TYPED TEXTA paragraph of headed proof text.badge\n\n'
[5] PASS — Layers: dragging the last widget to the top reorders the canvas DOM — before=['wg_hxongh', 'wg_v0gij8', 'wg_uxpn28'] after=['wg_uxpn28', 'wg_hxongh', 'wg_v0gij8'] payload='wg_uxpn28'
[6] PASS — Library: dragging a card into the canvas adds a widget — widgets 3 -> 4 drawn=4 payload='status.badge'
[7] PASS — marquee two, arrow right moves both, cmd-z returns both — selection=['wg_hxongh', 'wg_v0gij8'] moved=['wg_hxongh', 'wg_v0gij8'] returned=['wg_hxongh', 'wg_v0gij8']
[8] PASS — Tools follows each canvas, then pins to the first and stays — a=canvas-mu0hkcmu-1 b=canvas-mu0hkjxz-3 clicked_a_focused='canvas-mu0hkcmu-1' clicked_b_focused='canvas-mu0hkjxz-3' pinned canvasOpt='canvas-mu0hkcmu-1' who='pinned canvas-mu0hkcmu-1' who_a='following canvas-mu0hkcmu-1' who_b='following canvas-mu0hkjxz-3'
[9] PASS — Code scrolls to the header; a css edit re-renders one widget only — scrolled=True want_line=17 visible=[5, 28] decor=1 lock='Unlocked' edited=True apply_clicked=True target_node_replaced=True untouched_nodes=['wg_uxpn28', 'wg_hxongh', 'wg_y8oztf'] notice=''
[10] PASS — Code doc view with docEditable: an edited box moves the canvas — parsed=True apply_clicked=True box {'x': 40, 'y': 300, 'w': 160, 'h': 32} -> {'x': 40, 'y': 420, 'w': 160, 'h': 32} notice=''
[11] PASS — Export writes the HTML next to the doc with the back-link meta — path=/Users/moth3rship/Desktop/AI Design/Sandbox Suite/docs/scratchpad/fixture.html exists=True meta=['<meta name="code-canvas-source" content="/Users/moth3rship/Desktop/AI Design/Sandbox Suite/docs/scratchpad/fixture.json">']
[12] PASS — export opens in file mode, bar reads from <doc>, drag saves and reopens — docMode='file' bar='from /Users/moth3rship/Desktop/AI Design/Sandbox Suite/docs/scratchpad/fixture.json' from='/Users/moth3rship/Desktop/AI Design/Sandbox Suite/docs/scratchpad/fixture.json' transform_after_drag=True transform_after_reopen=True code_source_has_transform=True code_len=2150
[13] PASS — double-click a paragraph, type, Enter: the source changed — leaf_found=True textEdit='path-0-2-0' in_source=True dirty=True
[14] FAIL — Annotate: a box sent with none, raster, playwright; PNGs and user turns — tracks=[] annotate_on=True frozen=True sends={'none': {'status': '', 'new_png': []}, 'raster': {'status': '', 'new_png': []}, 'playwright': {'status': '', 'new_png': []}} user_turns_in_archive=0
[15] PASS — preview mode: chrome hidden, nothing moves, no new errors — handles=0 grid='none' moved=False new_pageerrors=0
[16] FAIL — reload returns every widget with its options — returned=5/5 diffs={"canvas-mu0hkcmu-1": {"targets": [[], ["/Users/moth3rship/Desktop/AI Design/Sandbox Suite/docs/scratchpad/fixture.json"]]}, "canvas-mu0hkjxz-3": {"targets": [[], ["/Users/moth3rship/Desktop/AI Design/Sandbox Suite/docs/scratchpad/fixture2.json"]]}, "canvas-mu0hkuvr-5": {"targets": [[], ["/Users/moth3rship/Desktop/AI Design/Sandbox Suite/docs/scratchpad/fixture.html"]]}}
[17] PASS — closing an unrelated widget leaves both canvases as they were — a drawn 3 -> 3 sel ['wg_hxongh', 'wg_v0gij8'] -> ['wg_hxongh', 'wg_v0gij8']; b drawn 3 -> 3 sel [] -> []
[18] PASS — zero pageerrors across the pass — none

=== SUMMARY ===
 1  PASS  Canvas on the fixture draws inside the iframe
      docMode=doc drawn=3 widgets=3 pages=2
 2  PASS  Tools beside the canvas, canvas focused: a click shows fields
      canvasOpt='focused' titles=['Text', 'Box', 'Color', 'Link', 'Notes'] fields=['Content', 'Mode', 'Tag', 'Size', 'Weight', 'Align', 'Font', 'X', 'Y', 'Width', 'Height', 'Padding', 'Margin', 'Corner', 'Shadow'] who='following canvas-mu0hkcmu-1'
 3  PASS  drag 40px right: Tools box x moves, dirty, cmd-s saves, file changed
      box {'x': 40, 'y': 40, 'w': 320, 'h': 80} -> {'x': 80, 'y': 40, 'w': 320, 'h': 80} disk={'x': 80, 'y': 40, 'w': 320, 'h': 80} status after drag='dirty' cv.dirty=True after_save='saved' tools_box_fields_before={'Content': 'Phase 3 headed heading', 'Mode': 'literal', 'Tag': 'p', 'Size': 'md', 'Weight': 'normal', 'Align': 'left', 'Font': 'sans', 'X': '40', 'Y': '40', 'Width': '320', 'Height': '80', '
 4  PASS  typing in Tools shows on the canvas after the debounce
      iframe_text='\n3H TYPED TEXTA paragraph of headed proof text.badge\n\n'
 5  PASS  Layers: dragging the last widget to the top reorders the canvas DOM
      before=['wg_hxongh', 'wg_v0gij8', 'wg_uxpn28'] after=['wg_uxpn28', 'wg_hxongh', 'wg_v0gij8'] payload='wg_uxpn28'
 6  PASS  Library: dragging a card into the canvas adds a widget
      widgets 3 -> 4 drawn=4 payload='status.badge'
 7  PASS  marquee two, arrow right moves both, cmd-z returns both
      selection=['wg_hxongh', 'wg_v0gij8'] moved=['wg_hxongh', 'wg_v0gij8'] returned=['wg_hxongh', 'wg_v0gij8']
 8  PASS  Tools follows each canvas, then pins to the first and stays
      a=canvas-mu0hkcmu-1 b=canvas-mu0hkjxz-3 clicked_a_focused='canvas-mu0hkcmu-1' clicked_b_focused='canvas-mu0hkjxz-3' pinned canvasOpt='canvas-mu0hkcmu-1' who='pinned canvas-mu0hkcmu-1' who_a='following canvas-mu0hkcmu-1' who_b='following canvas-mu0hkjxz-3'
 9  PASS  Code scrolls to the header; a css edit re-renders one widget only
      scrolled=True want_line=17 visible=[5, 28] decor=1 lock='Unlocked' edited=True apply_clicked=True target_node_replaced=True untouched_nodes=['wg_uxpn28', 'wg_hxongh', 'wg_y8oztf'] notice=''
10  PASS  Code doc view with docEditable: an edited box moves the canvas
      parsed=True apply_clicked=True box {'x': 40, 'y': 300, 'w': 160, 'h': 32} -> {'x': 40, 'y': 420, 'w': 160, 'h': 32} notice=''
11  PASS  Export writes the HTML next to the doc with the back-link meta
      path=/Users/moth3rship/Desktop/AI Design/Sandbox Suite/docs/scratchpad/fixture.html exists=True meta=['<meta name="code-canvas-source" content="/Users/moth3rship/Desktop/AI Design/Sandbox Suite/docs/scratchpad/fixture.json">']
12  PASS  export opens in file mode, bar reads from <doc>, drag saves and reopens
      docMode='file' bar='from /Users/moth3rship/Desktop/AI Design/Sandbox Suite/docs/scratchpad/fixture.json' from='/Users/moth3rship/Desktop/AI Design/Sandbox Suite/docs/scratchpad/fixture.json' transform_after_drag=True transform_after_reopen=True code_source_has_transform=True code_len=2150
13  PASS  double-click a paragraph, type, Enter: the source changed
      leaf_found=True textEdit='path-0-2-0' in_source=True dirty=True
14  FAIL  Annotate: a box sent with none, raster, playwright; PNGs and user turns
      tracks=[] annotate_on=True frozen=True sends={'none': {'status': '', 'new_png': []}, 'raster': {'status': '', 'new_png': []}, 'playwright': {'status': '', 'new_png': []}} user_turns_in_archive=0
15  PASS  preview mode: chrome hidden, nothing moves, no new errors
      handles=0 grid='none' moved=False new_pageerrors=0
16  FAIL  reload returns every widget with its options
      returned=5/5 diffs={"canvas-mu0hkcmu-1": {"targets": [[], ["/Users/moth3rship/Desktop/AI Design/Sandbox Suite/docs/scratchpad/fixture.json"]]}, "canvas-mu0hkjxz-3": {"targets": [[], ["/Users/moth3rship/Desktop/AI Design/Sandbox Suite/docs/scratchpad/fixture2.json"]]}, "canvas-mu0hkuvr-5": {"targets": [[], ["/Users/moth3rship/Desktop/AI Design/Sandbox Suite/docs/scratchpad/fixture.html"]]}}
17  PASS  closing an unrelated widget leaves both canvases as they were
      a drawn 3 -> 3 sel ['wg_hxongh', 'wg_v0gij8'] -> ['wg_hxongh', 'wg_v0gij8']; b drawn 3 -> 3 sel [] -> []
18  PASS  zero pageerrors across the pass
      none

fixtures left: /Users/moth3rship/Desktop/AI Design/Sandbox Suite/docs/scratchpad/fixture.json, /Users/moth3rship/Desktop/AI Design/Sandbox Suite/docs/scratchpad/fixture2.json, /Users/moth3rship/Desktop/AI Design/Sandbox Suite/docs/scratchpad/fixture.html
annotate PNGs: []
